\BOOKMARK [1][-]{section.1}{\376\377\000O\000b\000j\000e\000t\000i\000v\000o\000s\000\040\000d\000e\000\040\000a\000p\000r\000e\000n\000d\000i\000z\000a\000j\000e}{}% 1
\BOOKMARK [1][-]{section.2}{\376\377\000S\000e\000g\000u\000r\000i\000d\000a\000d\000\040\000L\000\363\000g\000i\000c\000a\000:\000\040\000E\000l\000\040\000M\000o\000d\000e\000l\000o\000\040\000O\000S\000I\000\040\000c\000o\000m\000o\000\040\000m\000a\000p\000a\000\040\000d\000e\000\040\000d\000e\000f\000e\000n\000s\000a}{}% 2
\BOOKMARK [1][-]{section.3}{\376\377\000C\000o\000m\000p\000o\000n\000e\000n\000t\000e\000s\000\040\000d\000e\000\040\000S\000e\000g\000u\000r\000i\000d\000a\000d\000\040\000L\000\363\000g\000i\000c\000a}{}% 3
\BOOKMARK [2][-]{subsection.3.1}{\376\377\000F\000i\000r\000e\000w\000a\000l\000l}{section.3}% 4
\BOOKMARK [2][-]{subsection.3.2}{\376\377\000I\000D\000S\000\040\000/\000\040\000I\000P\000S}{section.3}% 5
\BOOKMARK [2][-]{subsection.3.3}{\376\377\000P\000r\000o\000x\000y\000\040\000y\000\040\000G\000a\000t\000e\000w\000a\000y}{section.3}% 6
\BOOKMARK [2][-]{subsection.3.4}{\376\377\000Z\000o\000n\000a\000s\000\040\000d\000e\000\040\000S\000e\000g\000u\000r\000i\000d\000a\000d\000:\000\040\000l\000a\000\040\000D\000M\000Z}{section.3}% 7
\BOOKMARK [2][-]{subsection.3.5}{\376\377\000O\000t\000r\000o\000s\000\040\000c\000o\000n\000t\000r\000o\000l\000e\000s\000\040\000l\000\363\000g\000i\000c\000o\000s}{section.3}% 8
\BOOKMARK [1][-]{section.4}{\376\377\000K\000a\000l\000i\000\040\000L\000i\000n\000u\000x\000:\000\040\000E\000l\000\040\000a\000r\000s\000e\000n\000a\000l\000\040\000d\000e\000l\000\040\000h\000a\000c\000k\000e\000r\000\040\000\351\000t\000i\000c\000o}{}% 9
\BOOKMARK [2][-]{subsection.4.1}{\376\377\000M\000e\000t\000a\000p\000a\000q\000u\000e\000t\000e\000s\000\040\000d\000e\000\040\000K\000a\000l\000i}{section.4}% 10
\BOOKMARK [1][-]{section.5}{\376\377\000E\000l\000\040\000C\000i\000c\000l\000o\000\040\000d\000e\000\040\000V\000i\000d\000a\000\040\000d\000e\000l\000\040\000P\000e\000n\000t\000e\000s\000t\000i\000n\000g\000\040\000y\000\040\000s\000u\000s\000\040\000H\000e\000r\000r\000a\000m\000i\000e\000n\000t\000a\000s}{}% 11
\BOOKMARK [2][-]{subsection.5.1}{\376\377\000F\000a\000s\000e\000\040\0001\000:\000\040\000R\000e\000c\000o\000n\000o\000c\000i\000m\000i\000e\000n\000t\000o\000\040\000\050\000I\000n\000f\000o\000r\000m\000a\000t\000i\000o\000n\000\040\000G\000a\000t\000h\000e\000r\000i\000n\000g\000\051}{section.5}% 12
\BOOKMARK [2][-]{subsection.5.2}{\376\377\000F\000a\000s\000e\000\040\0002\000:\000\040\000E\000s\000c\000a\000n\000e\000o\000\040\000y\000\040\000E\000n\000u\000m\000e\000r\000a\000c\000i\000\363\000n}{section.5}% 13
\BOOKMARK [2][-]{subsection.5.3}{\376\377\000F\000a\000s\000e\000\040\0003\000:\000\040\000E\000x\000p\000l\000o\000t\000a\000c\000i\000\363\000n}{section.5}% 14
\BOOKMARK [2][-]{subsection.5.4}{\376\377\000F\000a\000s\000e\000\040\0004\000:\000\040\000A\000n\000\341\000l\000i\000s\000i\000s\000\040\000d\000e\000\040\000T\000r\000\341\000f\000i\000c\000o\000\040\000\050\000S\000n\000i\000f\000f\000i\000n\000g\000\051}{section.5}% 15
\BOOKMARK [2][-]{subsection.5.5}{\376\377\000F\000a\000s\000e\000\040\0005\000:\000\040\000P\000o\000s\000t\000-\000E\000x\000p\000l\000o\000t\000a\000c\000i\000\363\000n\000\040\000y\000\040\000R\000e\000p\000o\000r\000t\000e}{section.5}% 16
\BOOKMARK [1][-]{section.6}{\376\377\000\311\000t\000i\000c\000a\000\040\000y\000\040\000L\000e\000g\000a\000l\000i\000d\000a\000d\000\040\000e\000n\000\040\000e\000l\000\040\000u\000s\000o\000\040\000d\000e\000\040\000h\000e\000r\000r\000a\000m\000i\000e\000n\000t\000a\000s}{}% 17
\BOOKMARK [1][-]{section.7}{\376\377\000G\000l\000o\000s\000a\000r\000i\000o\000\040\000d\000e\000\040\000c\000o\000n\000c\000e\000p\000t\000o\000s\000\040\000c\000l\000a\000v\000e}{}% 18
\BOOKMARK [1][-]{section.8}{\376\377\000A\000u\000t\000o\000e\000v\000a\000l\000u\000a\000c\000i\000\363\000n}{}% 19
\BOOKMARK [1][-]{section.9}{\376\377\000R\000e\000s\000p\000u\000e\000s\000t\000a\000s\000\040\000d\000e\000\040\000l\000a\000\040\000A\000u\000t\000o\000e\000v\000a\000l\000u\000a\000c\000i\000\363\000n}{}% 20
\BOOKMARK [1][-]{section.10}{\376\377\000A\000c\000t\000i\000v\000i\000d\000a\000d\000\040\000A\0000\0006\000:\000\040\000H\000e\000r\000r\000a\000m\000i\000e\000n\000t\000a\000s\000\040\000d\000e\000\040\000S\000e\000g\000u\000r\000i\000d\000a\000d\000\040\000L\000\363\000g\000i\000c\000a}{}% 21
\BOOKMARK [1][-]{section.11}{\376\377\000F\000u\000e\000n\000t\000e\000s\000\040\000y\000\040\000b\000i\000b\000l\000i\000o\000g\000r\000a\000f\000\355\000a}{}% 22
\BOOKMARK [2][-]{subsection.11.1}{\376\377\000B\000i\000b\000l\000i\000o\000g\000r\000a\000f\000\355\000a\000\040\000o\000b\000l\000i\000g\000a\000t\000o\000r\000i\000a\000\040\000\050\000s\000e\000g\000\372\000n\000\040\000p\000r\000o\000g\000r\000a\000m\000a\000\051}{section.11}% 23
\BOOKMARK [2][-]{subsection.11.2}{\376\377\000B\000i\000b\000l\000i\000o\000g\000r\000a\000f\000\355\000a\000\040\000c\000o\000m\000p\000l\000e\000m\000e\000n\000t\000a\000r\000i\000a\000\040\000\050\000s\000e\000g\000\372\000n\000\040\000p\000r\000o\000g\000r\000a\000m\000a\000\051}{section.11}% 24
\BOOKMARK [2][-]{subsection.11.3}{\376\377\000B\000i\000b\000l\000i\000o\000g\000r\000a\000f\000\355\000a\000\040\000e\000s\000p\000e\000c\000\355\000f\000i\000c\000a\000\040\000d\000e\000\040\000K\000a\000l\000i\000\040\000y\000\040\000P\000e\000n\000t\000e\000s\000t\000i\000n\000g}{section.11}% 25
\BOOKMARK [2][-]{subsection.11.4}{\376\377\000R\000e\000c\000u\000r\000s\000o\000s\000\040\000w\000e\000b\000\040\000y\000\040\000l\000a\000b\000o\000r\000a\000t\000o\000r\000i\000o\000s}{section.11}% 26
